                                  MODFLOW-NWT-SWR1 
      U.S. GEOLOGICAL SURVEY MODULAR FINITE-DIFFERENCE GROUNDWATER-FLOW MODEL
                            VERSION 1.2.0 03/01/2020
                    BASED ON MODFLOW-2005 VERSION 1.12.00 02/03/2017

 LIST FILE: gv10.lst
                         UNIT    7

 OPENING gv10.dis
 FILE TYPE:DIS   UNIT   11   STATUS:OLD    
 FORMAT:FORMATTED              ACCESS:SEQUENTIAL          

 OPENING gv10.bas
 FILE TYPE:BAS6   UNIT    1   STATUS:OLD    
 FORMAT:FORMATTED              ACCESS:SEQUENTIAL          

 OPENING gv10.upw
 FILE TYPE:UPW   UNIT   13   STATUS:OLD    
 FORMAT:FORMATTED              ACCESS:SEQUENTIAL          

 OPENING gv10.wel
 FILE TYPE:WEL   UNIT   12   STATUS:OLD    
 FORMAT:FORMATTED              ACCESS:SEQUENTIAL          

 OPENING gv10.riv
 FILE TYPE:RIV   UNIT   14   STATUS:OLD    
 FORMAT:FORMATTED              ACCESS:SEQUENTIAL          

 OPENING gv10.rch
 FILE TYPE:RCH   UNIT   18   STATUS:OLD    
 FORMAT:FORMATTED              ACCESS:SEQUENTIAL          

 OPENING gv10.oc
 FILE TYPE:OC   UNIT   22   STATUS:OLD    
 FORMAT:FORMATTED              ACCESS:SEQUENTIAL          

 OPENING gv10.nwt
 FILE TYPE:NWT   UNIT   19   STATUS:OLD    
 FORMAT:FORMATTED              ACCESS:SEQUENTIAL          

 OPENING gv10.cbw
 FILE TYPE:DATA(BINARY)   UNIT   54   STATUS:REPLACE
 FORMAT:UNFORMATTED            ACCESS:STREAM              

 OPENING gv10.crv
 FILE TYPE:DATA(BINARY)   UNIT   52   STATUS:REPLACE
 FORMAT:UNFORMATTED            ACCESS:STREAM              

 OPENING gv10.crc
 FILE TYPE:DATA(BINARY)   UNIT   51   STATUS:REPLACE
 FORMAT:UNFORMATTED            ACCESS:STREAM              

 OPENING gv10.hds
 FILE TYPE:DATA(BINARY)   UNIT   30   STATUS:REPLACE
 FORMAT:UNFORMATTED            ACCESS:STREAM              

 OPENING gv10.ddn
 FILE TYPE:DATA(BINARY)   UNIT   31   STATUS:REPLACE
 FORMAT:UNFORMATTED            ACCESS:STREAM              

 BAS -- BASIC PACKAGE, VERSION 1.2.0, 3/01/2020 INPUT READ FROM UNIT    1
 
 MODFLOW was compiled using mixed precision
 Precision of REAL variables:           6
 Precision of DOUBLE PRECISION variables:          15

 DISCRETIZATION INPUT DATA READ FROM UNIT   11
 # DIS package for MODFLOW-NWT generated by Flopy 3.3.6
    1 LAYERS        92 ROWS        60 COLUMNS
    1 STRESS PERIOD(S) IN SIMULATION
 MODEL TIME UNIT IS DAYS
 MODEL LENGTH UNIT IS METERS
  Confining bed flag for each layer:
   0



                               DELR
 READING ON UNIT   11 WITH FORMAT: (FREE)              
   500.00       500.00       660.00       490.00       350.00       250.00       250.00       250.00       250.00       250.00    
   250.00       250.00       250.00       250.00       250.00       250.00       250.00       250.00       250.00       250.00    
   250.00       250.00       250.00       250.00       250.00       250.00       250.00       250.00       250.00       250.00    
   250.00       250.00       250.00       250.00       250.00       250.00       250.00       250.00       250.00       250.00    
   250.00       250.00       250.00       250.00       250.00       250.00       250.00       250.00       250.00       250.00    
   250.00       250.00       250.00       250.00       250.00       250.00       250.00       350.00       490.00       660.00    



                               DELC
 READING ON UNIT   11 WITH FORMAT: (FREE)              
   500.00       500.00       500.00       500.00       500.00       500.00       660.00       490.00       350.00       250.00    
   250.00       250.00       250.00       250.00       250.00       250.00       250.00       250.00       250.00       250.00    
   250.00       250.00       250.00       250.00       250.00       250.00       250.00       250.00       250.00       250.00    
   250.00       250.00       250.00       250.00       250.00       250.00       250.00       250.00       250.00       250.00    
   250.00       250.00       250.00       250.00       250.00       250.00       250.00       250.00       250.00       250.00    
   250.00       250.00       250.00       250.00       250.00       250.00       250.00       250.00       250.00       250.00    
   250.00       250.00       250.00       250.00       250.00       250.00       250.00       250.00       250.00       250.00    
   250.00       250.00       250.00       250.00       250.00       250.00       250.00       250.00       250.00       250.00    
   250.00       350.00       490.00       660.00       500.00       500.00       500.00       500.00       500.00       500.00    
   500.00       500.00    



           TOP ELEVATION OF LAYER 1
 READING ON UNIT   11 WITH FORMAT: (FREE)              



             MODEL LAYER BOTTOM EL. FOR LAYER   1
 READING ON UNIT   11 WITH FORMAT: (FREE)              


 STRESS PERIOD     LENGTH       TIME STEPS     MULTIPLIER FOR DELT    SS FLAG
 ----------------------------------------------------------------------------
        1         10.00000          1                    1.200         SS

 STEADY-STATE SIMULATION



 
 # BAS6 package for MODFLOW-NWT generated by Flopy 3.3.6                         



                     BOUNDARY ARRAY FOR LAYER   1
 READING ON UNIT    1 WITH FORMAT: (FREE)              

 AQUIFER HEAD WILL BE SET TO   999.00     AT ALL NO-FLOW NODES (IBOUND=0).



                       INITIAL HEAD FOR LAYER   1
 READING ON UNIT    1 WITH FORMAT: (FREE)              
 # OC package for MODFLOW-NWT generated by Flopy 3.3.6

 OUTPUT CONTROL IS SPECIFIED ONLY AT TIME STEPS FOR WHICH OUTPUT IS DESIRED
 HEAD PRINT FORMAT CODE IS   0    DRAWDOWN PRINT FORMAT CODE IS   0
 HEADS WILL BE SAVED ON UNIT   30    DRAWDOWNS WILL BE SAVED ON UNIT   31
 # NWT package for MODFLOW-NWT generated by Flopy 3.3.6

 NWT1 -- Newton Solver, VERSION 1.2.0, 3/01/2020
         INPUT READ FROM UNIT 19

 MODERATE OPTION:
 DEFAULT SOLVER INPUT VALUES REFLECT MODERETELY NONLINEAR MODEL
 ***XMD linear solver will be used***
 
   CONVERGENCE CRITERION OF   0.100000E-04 FOR HEAD SOLUTION
   AND A TOLERANCE OF   0.100000E+03 FOR FLOW SOLUTION AND 
   A MAXIMUM OF   100 OUTER ITERATIONS. 


   D-B-D REDUCTION FACTOR OF    0.900000E+00 AND 
   A D-B-D INCREASE FACTOR OF    0.100000E-04 AND 
   A D-B-D RELAXATION OF    0.000000E+00 AND 
   A MOMENTUM FACTOR OF    0.100000E+00 .


 ***BACKTRACKING IS INACTIVE***
 XMD -- LINEAR SOLUTION BY XMD PACKAGE VERSION 1.30
     BY MOTOMU IBARAKI, OHIO STATE UNIVERSITY, COLOMBUS, OH
                 INPUT READ FROM UNIT 19
 ACCELERATION METHOD                    (IACL) =         1
 NODE ORDERING FLAG                   (NORDER) =         0
 LEVEL OF FILL                         (LEVEL) =         1
 MAXIMUM NUMBER OF ORTHOGONALIZATIONS  (NORTH) =        10
 INDEX FOR USING REDUCED SYSTEM      (IREDSYS) =         1
 RESID. REDUCTION CONVERGE CRITERION  (RRCTOL) =  0.000000E+00
 INDEX FOR USING DROP TOLERANCE     (IDROPTOL) =         1
 DROP TOLERANCE VALUE                  (EPSRN) =  0.500000E-02
 CONVERGENCE CRITERIA OF           (HCLOSEXMD) =  0.100000E-02
 MAX. NUMBER OF LINEAR ITERATIONS  (MXITERXMD) =       100


 UPW1 -- UPSTREAM WEIGHTING FLOW PACKAGE, VERSION 1.2.0, 3/01/2020
         INPUT READ FROM UNIT 13

 # UPW package for MODFLOW-NWT generated by Flopy 3.3.6
 No named parameters

   LAYER FLAGS:
 LAYER       LAYTYP          LAYAVG    CHANI           LAYVKA           LAYWET
 ---------------------------------------------------------------------------
    1             3             0     1.000E+00             0             0

   INTERPRETATION OF LAYER FLAGS:
                        INTERBLOCK     HORIZONTAL    DATA IN
         LAYER TYPE   TRANSMISSIVITY   ANISOTROPY   ARRAY VKA   WETTABILITY
 LAYER   (LAYTYP)        (LAYAVG)      (CHANI)     (LAYVKA)       (LAYWET)
 ---------------------------------------------------------------------------
    1   CONVERTIBLE      HARMONIC     1.000E+00    VERTICAL K  NON-WETTABLE



              HYD. COND. ALONG ROWS FOR LAYER   1
 READING ON UNIT   13 WITH FORMAT: (FREE)              

      VERTICAL HYD. COND. =   1.00000     FOR LAYER   1

 WEL -- WELL PACKAGE FOR NWT VERSION 1.2.0,  3/01/2020 INPUT READ FROM UNIT   12
 # WEL package for MODFLOW-NWT generated by Flopy 3.3.6
 No named parameters
 MAXIMUM OF      9 ACTIVE WELLS AT ONE TIME
 CELL-BY-CELL FLOWS WILL BE SAVED ON UNIT   54
 No named parameters


     0 Well parameters

 RIV -- RIVER PACKAGE, VERSION 7, 5/2/2005 INPUT READ FROM UNIT   14
 # RIV package for MODFLOW-NWT generated by Flopy 3.3.6
 No named parameters
 MAXIMUM OF    195 ACTIVE RIVER REACHES AT ONE TIME
 CELL-BY-CELL FLOWS WILL BE SAVED ON UNIT   52


     0 River parameters

 RCH -- RECHARGE PACKAGE, VERSION 7, 5/2/2005 INPUT READ FROM UNIT   18
 # RCH package for MODFLOW-NWT generated by Flopy 3.3.6
 No named parameters
 OPTION 1 -- RECHARGE TO TOP LAYER
 CELL-BY-CELL FLOWS WILL BE SAVED ON UNIT   51


     0 Recharge parameters
1
                            STRESS PERIOD NO.    1, LENGTH =   10.00000    
                            -----------------------------------------------

                              NUMBER OF TIME STEPS =     1

                               MULTIPLIER FOR DELT =     1.200

                            INITIAL TIME STEP SIZE =   10.00000    

 WELL NO.  LAYER   ROW   COL   STRESS RATE         
 --------------------------------------------------
      1      1     13     44       1730.    
      2      1     23     43       1000.    
      3      1     34     43       1700.    
      4      1     46     43       3000.    
      5      1     65     52       1635.    
      6      1     78     55       850.0    
      7      1     70     56       620.0    
      8      1     18     44       6500.    
      9      1     23     18       1500.    

      9 WELLS

 REACH NO.  LAYER   ROW   COL     STAGE      CONDUCTANCE     BOTTOM EL.         
 -------------------------------------------------------------------------------
      1      1     71     35       249.5           405.3           247.5    
      2      1     72     34       248.7           405.3           246.7    
      3      1     72     35       249.2           405.3           247.2    
      4      1     73     34       248.3           405.3           246.3    
      5      1     74     34       247.9           405.3           245.9    
      6      1     74     35       247.4           405.3           245.4    
      7      1     75     35       247.0           405.3           245.0    
      8      1     75     36       246.6           405.3           244.6    
      9      1     75     37       246.1           405.3           244.1    
     10      1     76     37       245.7           405.3           243.7    
     11      1     76     38       245.3           405.3           243.3    
     12      1     76     39       244.9           405.3           242.9    
     13      1     76     40       244.4           405.3           242.4    
     14      1     76     41       244.0           405.3           242.0    
     15      1     76     42       243.5           405.3           241.5    
     16      1     77     42       243.0           405.3           241.0    
     17      1     77     43       242.6           405.3           240.6    
     18      1     77     44       242.2           405.3           240.2    
     19      1     77     45       241.7           405.3           239.7    
     20      1     77     46       241.3           405.3           239.3    
     21      1     77     47       240.9           405.3           238.9    
     22      1     77     48       240.4           405.3           238.4    
     23      1     78     48       240.0           405.3           238.0    
     24      1     78     49       239.6           405.3           237.6    
     25      1     78     50       239.2           405.3           237.2    
     26      1     79     50       238.8           405.3           236.8    
     27      1     79     51       238.3           405.3           236.3    
     28      1     80     51       237.9           405.3           235.9    
     29      1     80     52       237.5           405.3           235.5    
     30      1     80     53       237.1           405.3           235.1    
     31      1     81     53       236.7           405.3           234.7    
     32      1     82     52       235.7           405.3           233.7    
     33      1     82     53       236.1           405.3           234.1    
     34      1     83     51       234.7           405.3           232.7    
     35      1     83     52       235.3           405.3           233.3    
     36      1     84     51       233.9           405.3           231.9    
     37      1     84     52       233.2           405.3           231.2    
     38      1     85     52       232.3           405.3           230.3    
     39      1     86     52       231.4           405.3           229.4    
     40      1     86     53       230.8           405.3           228.8    
     41      1     86     54       230.4           405.3           228.4    
     42      1     87     54       229.7           405.3           227.7    
     43      1     88     53       228.4           405.3           226.4    
     44      1     88     54       229.0           405.3           227.0    
     45      1     89     53       227.6           405.3           225.6    
     46      1     89     54       226.9           405.3           224.9    
     47      1     90     54       226.1           405.3           224.1    
     48      1     90     56       224.0           405.3           222.0    
     49      1     90     57       223.5           405.3           221.5    
     50      1     91     54       225.4           405.3           223.4    
     51      1     91     55       224.9           405.3           222.9    
     52      1     91     56       224.5           405.3           222.5    
     53      1     91     57       222.7           405.3           220.7    
     54      1     92     57       222.2           405.3           220.2    
     55      1     52      7       271.2           84.93           269.2    
     56      1     52      8       271.1           84.93           269.1    
     57      1     53      8       270.8           84.93           268.8    
     58      1     53      9       270.5           84.93           268.5    
     59      1     53     10       270.2           84.93           268.2    
     60      1     54     10       269.9           84.93           267.9    
     61      1     55     10       269.6           84.93           267.6    
     62      1     55     11       269.2           84.93           267.2    
     63      1     55     12       268.9           84.93           266.9    
     64      1     55     13       268.5           84.93           266.5    
     65      1     55     14       268.2           84.93           266.2    
     66      1     55     15       267.9           84.93           265.9    
     67      1     55     16       267.5           84.93           265.5    
     68      1     55     17       267.2           84.93           265.2    
     69      1     55     18       266.9           84.93           264.9    
     70      1     56     18       266.6           84.93           264.6    
     71      1     56     19       266.3           84.93           264.3    
     72      1     56     20       265.9           84.93           263.9    
     73      1     57     20       265.5           84.93           263.5    
     74      1     57     21       265.2           84.93           263.2    
     75      1     58     21       264.8           84.93           262.8    
     76      1     58     22       264.5           84.93           262.5    
     77      1     58     23       264.2           84.93           262.2    
     78      1     59     23       263.9           84.93           261.9    
     79      1     59     24       263.6           84.93           261.6    
     80      1     59     25       263.2           84.93           261.2    
     81      1     59     26       262.8           84.93           260.8    
     82      1     60     26       262.5           84.93           260.5    
     83      1     60     27       262.2           84.93           260.2    
     84      1     60     28       261.9           84.93           259.9    
     85      1     60     29       261.5           84.93           259.5    
     86      1     61     29       261.2           84.93           259.2    
     87      1     62     27       260.3           84.93           258.3    
     88      1     62     28       260.7           84.93           258.7    
     89      1     62     29       261.0           84.93           259.0    
     90      1     62     30       257.5           84.93           255.5    
     91      1     62     31       257.1           84.93           255.1    
     92      1     63     27       260.0           84.93           258.0    
     93      1     63     29       258.1           84.93           256.1    
     94      1     63     30       257.8           84.93           255.8    
     95      1     63     31       256.8           84.93           254.8    
     96      1     63     32       256.4           84.93           254.4    
     97      1     63     33       256.1           84.93           254.1    
     98      1     63     34       255.7           84.93           253.7    
     99      1     63     35       255.4           84.93           253.4    
    100      1     64     27       259.7           84.93           257.7    
    101      1     64     29       258.4           84.93           256.4    
    102      1     64     33       254.4           84.93           252.4    
    103      1     64     34       254.8           84.93           252.8    
    104      1     64     35       255.0           84.93           253.0    
    105      1     65     27       259.4           84.93           257.4    
    106      1     65     28       259.0           84.93           257.0    
    107      1     65     29       258.7           84.93           256.7    
    108      1     65     33       254.1           84.93           252.1    
    109      1     66     33       253.7           84.93           251.7    
    110      1     67     33       253.4           84.93           251.4    
    111      1     68     32       252.7           84.93           250.7    
    112      1     68     33       253.1           84.93           251.1    
    113      1     69     31       252.0           84.93           250.0    
    114      1     69     32       252.4           84.93           250.4    
    115      1     70     30       251.4           84.93           249.4    
    116      1     70     31       251.7           84.93           249.7    
    117      1     71     30       251.1           84.93           249.1    
    118      1     71     31       250.7           84.93           248.7    
    119      1     71     32       250.4           84.93           248.4    
    120      1     71     33       250.1           84.93           248.1    
    121      1     71     34       249.8           84.93           247.8    
    122      1     45      2       273.0           2825.           271.0    
    123      1     45      3       272.9           2825.           270.9    
    124      1     46      3       272.7           2825.           270.7    
    125      1     46      4       272.5           2825.           270.5    
    126      1     47      4       272.3           2825.           270.3    
    127      1     48      4       272.2           2825.           270.2    
    128      1     49      4       272.1           2825.           270.1    
    129      1     50      4       272.0           2825.           270.0    
    130      1     50      5       271.8           2825.           269.8    
    131      1     50      6       271.6           2825.           269.6    
    132      1     50      7       271.5           2825.           269.5    
    133      1     51      7       271.4           2825.           269.4    
    134      1     36     21       310.1           6200.           308.1    
    135      1     37     21       309.6           6200.           307.6    
    136      1     38     21       308.7           6200.           306.7    
    137      1     39     21       307.7           6200.           305.7    
    138      1     40     21       306.8           6200.           304.8    
    139      1     41     21       305.9           6200.           303.9    
    140      1     42     10       287.1           6200.           285.1    
    141      1     42     11       288.1           6200.           286.1    
    142      1     42     12       289.0           6200.           287.0    
    143      1     42     20       303.9           6200.           301.9    
    144      1     42     21       304.9           6200.           302.9    
    145      1     43      6       282.3           6200.           280.3    
    146      1     43      7       283.1           6200.           281.1    
    147      1     43      8       284.1           6200.           282.1    
    148      1     43      9       285.0           6200.           283.0    
    149      1     43     10       286.1           6200.           284.1    
    150      1     43     11       290.5           6200.           288.5    
    151      1     43     12       289.7           6200.           287.7    
    152      1     43     19       301.9           6200.           299.9    
    153      1     43     20       303.0           6200.           301.0    
    154      1     44      6       281.4           6200.           279.4    
    155      1     44     11       291.5           6200.           289.5    
    156      1     44     12       292.5           6200.           290.5    
    157      1     44     13       293.5           6200.           291.5    
    158      1     44     14       296.1           6200.           294.1    
    159      1     44     15       297.1           6200.           295.1    
    160      1     44     16       298.0           6200.           296.0    
    161      1     44     17       298.9           6200.           296.9    
    162      1     44     18       299.9           6200.           297.9    
    163      1     44     19       300.8           6200.           298.8    
    164      1     45      6       280.4           6200.           278.4    
    165      1     45      7       279.4           6200.           277.4    
    166      1     45      8       278.4           6200.           276.4    
    167      1     45     13       294.4           6200.           292.4    
    168      1     45     14       295.2           6200.           293.2    
    169      1     46      8       277.5           6200.           275.5    
    170      1     47      5       273.9           6200.           271.9    
    171      1     47      6       274.7           6200.           272.7    
    172      1     47      7       275.7           6200.           273.7    
    173      1     47      8       276.6           6200.           274.6    
    174      1     48      5       273.0           6200.           271.0    
    175      1     49      5       272.3           6200.           270.3    
    176      1     18     22       321.5           9580.           319.5    
    177      1     19     21       320.7           9580.           318.7    
    178      1     19     22       321.2           9580.           319.2    
    179      1     20     21       320.1           9580.           318.1    
    180      1     21     21       319.5           9580.           317.5    
    181      1     22     21       318.9           9580.           316.9    
    182      1     22     22       318.3           9580.           316.3    
    183      1     23     22       317.7           9580.           315.7    
    184      1     24     22       317.2           9580.           315.2    
    185      1     24     23       316.6           9580.           314.6    
    186      1     25     23       316.0           9580.           314.0    
    187      1     26     23       315.4           9580.           313.4    
    188      1     27     23       314.8           9580.           312.8    
    189      1     28     22       313.7           9580.           311.7    
    190      1     28     23       314.2           9580.           312.2    
    191      1     29     21       312.6           9580.           310.6    
    192      1     29     22       313.1           9580.           311.1    
    193      1     30     20       311.4           9580.           309.4    
    194      1     30     21       312.0           9580.           310.0    
    195      1     31     20       311.0           9580.           309.0    

    195 RIVER REACHES



                           RECHARGE
 READING ON UNIT   18 WITH FORMAT: (FREE)              
 
 SOLVING FOR HEAD 

    ------------------------------------------------
       NWT REQUIRED           46 OUTER ITERATIONS 
       AND A TOTAL OF        707 INNER ITERATIONS.
    ------------------------------------------------

 OUTPUT CONTROL FOR STRESS PERIOD    1   TIME STEP    1
    PRINT BUDGET
    SAVE BUDGET
    SAVE HEAD FOR ALL LAYERS
    SAVE DRAWDOWN FOR ALL LAYERS
 UBUDSV SAVING "           WELLS" ON UNIT 54 AT TIME STEP  1, STRESS PERIOD    1
 UBUDSV SAVING "   RIVER LEAKAGE" ON UNIT 52 AT TIME STEP  1, STRESS PERIOD    1
 UBUDSV SAVING "        RECHARGE" ON UNIT 51 AT TIME STEP  1, STRESS PERIOD    1

 HEAD WILL BE SAVED ON UNIT   30 AT END OF TIME STEP    1, STRESS PERIOD    1

 DRAWDOWN WILL BE SAVED ON UNIT   31 AT END OF TIME STEP    1, STRESS PERIOD    1
1
  VOLUMETRIC BUDGET FOR ENTIRE MODEL AT END OF TIME STEP    1, STRESS PERIOD   1
  ------------------------------------------------------------------------------

     CUMULATIVE VOLUMES      L**3       RATES FOR THIS TIME STEP      L**3/T
     ------------------                 ------------------------

           IN:                                      IN:
           ---                                      ---
             STORAGE     =           0.0000               STORAGE     =           0.0000
       CONSTANT HEAD     =      927976.2500         CONSTANT HEAD     =       92797.6250
               WELLS     =      185350.0000                 WELLS     =       18535.0000
       RIVER LEAKAGE     =      509333.8750         RIVER LEAKAGE     =       50933.3867
            RECHARGE     =      773257.4375              RECHARGE     =       77325.7422

                TOTAL IN =     2395917.5000                  TOTAL IN =      239591.7500

          OUT:                                     OUT:
          ----                                     ----
             STORAGE     =           0.0000               STORAGE     =           0.0000
       CONSTANT HEAD     =       28279.7539         CONSTANT HEAD     =        2827.9753
               WELLS     =           0.0000                 WELLS     =           0.0000
       RIVER LEAKAGE     =     2367641.7500         RIVER LEAKAGE     =      236764.1719
            RECHARGE     =           0.0000              RECHARGE     =           0.0000

               TOTAL OUT =     2395921.5000                 TOTAL OUT =      239592.1406

                IN - OUT =          -4.0000                  IN - OUT =          -0.3906

     PERCENT DISCREPANCY =          -0.00         PERCENT DISCREPANCY =          -0.00






         TIME SUMMARY AT END OF TIME STEP    1 IN STRESS PERIOD    1
                    SECONDS     MINUTES      HOURS       DAYS        YEARS
                    -----------------------------------------------------------
   TIME STEP LENGTH 8.64000E+05  14400.      240.00      10.000     2.73785E-02
 STRESS PERIOD TIME 8.64000E+05  14400.      240.00      10.000     2.73785E-02
         TOTAL TIME 8.64000E+05  14400.      240.00      10.000     2.73785E-02
1

 Run end date and time (yyyy/mm/dd hh:mm:ss): 2022/09/28 11:54:56
 Elapsed run time:  0.066 Seconds

